i := 10 ----> 10
i =:= 9 ----> none
i ----> 10
i := 10 ----> 10
i =:= 10 ----> 10
i ----> 10
i := 10 ----> 10
i =:= 11 ----> none
i ----> 10
i := 10 ----> 10
i >=:= 9 ----> 9
i ----> 9
i := 10 ----> 10
i >=:= 10 ----> 10
i ----> 10
i := 10 ----> 10
i >=:= 11 ----> none
i ----> 10
i := 10 ----> 10
i >:= 9 ----> 9
i ----> 9
i := 10 ----> 10
i >:= 10 ----> none
i ----> 10
i := 10 ----> 10
i >:= 11 ----> none
i ----> 10
i := 10 ----> 10
i <=:= 9 ----> none
i ----> 10
i := 10 ----> 10
i <=:= 10 ----> 10
i ----> 10
i := 10 ----> 10
i <=:= 11 ----> 11
i ----> 11
i := 10 ----> 10
i <:= 9 ----> none
i ----> 10
i := 10 ----> 10
i <:= 10 ----> none
i ----> 10
i := 10 ----> 10
i <:= 11 ----> 11
i ----> 11
i := 10 ----> 10
i ~=:= 9 ----> 9
i ----> 9
i := 10 ----> 10
i ~=:= 10 ----> none
i ----> 10
i := 10 ----> 10
i ~=:= 11 ----> 11
i ----> 11
i := 10 ----> 10
i +:= 9 ----> 19
i ----> 19
i := 10 ----> 10
i +:= 10 ----> 20
i ----> 20
i := 10 ----> 10
i +:= 11 ----> 21
i ----> 21
i := 10 ----> 10
i -:= 9 ----> 1
i ----> 1
i := 10 ----> 10
i -:= 10 ----> 0
i ----> 0
i := 10 ----> 10
i -:= 11 ----> -1
i ----> -1
i := 10 ----> 10
i *:= 9 ----> 90
i ----> 90
i := 10 ----> 10
i *:= 10 ----> 100
i ----> 100
i := 10 ----> 10
i *:= 11 ----> 110
i ----> 110
i := 10 ----> 10
i /:= 9 ----> 1
i ----> 1
i := 10 ----> 10
i /:= 10 ----> 1
i ----> 1
i := 10 ----> 10
i /:= 11 ----> 0
i ----> 0
i := 10 ----> 10
i %:= 9 ----> 1
i ----> 1
i := 10 ----> 10
i %:= 10 ----> 0
i ----> 0
i := 10 ----> 10
i %:= 11 ----> 10
i ----> 10
i := 10 ----> 10
i ^:= 9 ----> 1000000000
i ----> 1000000000
i := 10 ----> 10
s := "x" ----> "x"
s <<:= "x" ----> none
s ----> "x"
s := "x" ----> "x"
s <<:= "xx" ----> "xx"
s ----> "xx"
s := "x" ----> "x"
s <<:= "X" ----> none
s ----> "x"
s := "x" ----> "x"
s <<:= "abc" ----> none
s ----> "x"
s := "x" ----> "x"
s ~==:= "x" ----> none
s ----> "x"
s := "x" ----> "x"
s ~==:= "xx" ----> "xx"
s ----> "xx"
s := "x" ----> "x"
s ~==:= "X" ----> "X"
s ----> "X"
s := "x" ----> "x"
s ~==:= "abc" ----> "abc"
s ----> "abc"
