      null : &null
   default : 0
         1 : 1
   default : 2
   default : 0.0
       1.0 : 1.0
   default : 2.0
   default : ""
   default : "0"
       "1" : "1"
   default : "2"
   default : ''
   default : '0'
       '1' : '1'
   default : '2'
       rec : record constructor rec
      main : procedure main
   default : procedure foo
       rec : record constructor rec
   default : record rec_2(1)
         r : record rec_1(1)
         c : co-expression_2(0)
   default : list_2(0)
         L : list_3(24)
