234
 1 
2
2
3
23
234
3
34
234
  123   
   12   
   123   
   12    
<>123><>
<><12><>
<><123><>
<><12<><>
