testing entab/detab(s)
testing entab/detab(s,5)
testing entab/detab(s,8,12)
testing entab/detab(s,11,18,30,36)
testing entab/detab(s,11,60)
testing entab/detab(s,2)
testing entab/detab(s,2,4)
testing entab/detab(s,3)
testing entab/detab(s,3,4)
testing entab/detab(s,5)
testing entab/detab(s,5,7,10)
