a
d
g
jk
mno
237 
stu  
vwx   
abc
d
g
jk
mno
237.
stu..
vwx...
abc
d
g
jk
mno
237>
stu<>
vwx><>
