accbcabbaa
14434241332312211
AAACCCCBCCCACCBBCCBACCABCCAACBCBCACBBBCBBACBABCBAACACABBCABACAABCAAABBBBABBAABABAAAA
