2
3
b
c
e
f
g
h
ijk
23skidoo
bob
hello!
mom!
hello!
mom!
hello!
mom!
hello!
mom!
hello
hello pop
i=-4: failed
i=-3: a
i=-2: b
i=-1: c
i=0: failed
i=1: a
i=2: b
i=3: c
i=4: failed
1
2
3
4
5
6
1
5
9
10
30
50
1 11
2 22
3 33
4 44
5 55
6 66
7 77
8 88
9 99
repl: xxxxyzxyzxyzxyz
reverse: xba54321
char: @ABCDEFGHIJKLMNOPQRSTUVWXYZ[\]^_`abcdefghijklmnopqrstuvwxyz{|}~
proc: 
   function write
   function write
   function write
   function write
   procedure args
   function args
  >procedure main
  >0
   function args
   function args
argument evaluation test
11
33
33
qq
wqwerty
33
77
88
&null
&null
record constructor recordAsVariable
3
OK to get here
done
