Translating:
hello.icn:
  main
No errors
Linking:
Executing:
							Hello, there.
							Hello, north.
							Hello, south.
							Hello, east.
[profiling to $ICONPROFILE = hello.p]
							Hello, profiler.
    $          1  hello.icn 3
    $          1  hello.icn 4
    $          1  hello.icn 5
    $          7  hello.icn 6
    $          1  hello.icn 7
             :       main(list_1 = ["west"])
							Hello, west.
hello.icn    :    7  main failed
							Hello, Tucson.
							Hello, Pima.
							Hello, Arizona.
							Hello, world.
							Hello, galaxy.
							Hello, universe.
HOWDY!
