110000
1073851824
2147703648
1000000000
2073741824
4300405152606846976
-110000
-1073851824
-2147593648
