{1, 2, 3, 4, 5, 6, 7, 8, 9, 10}
{}
{1, 3, 5, 7, 9, 10, 8, 6, 4, 2}
{"ax", "ay", "bx", "by", "cx", "cy"}
{procedure Seqimage, procedure main}
1
2
3
4
5
6
7
8
9
10
a
b
c
d
1
2
3
4
5
6
7
8
9
10
{"", "a", "b", "c", "aa", "ab", "ac", "ba", "bb", "bc"}
{1, 2, 3, 4, 5, 6, 7, 8, 9, 10, 11, 12, 13, 14, 15, 16, 17, 18, 19, 20, 21, 22, 23, 24, 25, 26, 27, 28, 29, 30, 31, 32, 33, 34, 35, 36, 37, 38, 39, 40, 41, 42, 43, 44, 45, 46, 47, 48, 49, 50}
---
1
2
3
---
a
b
c
1
d
a1
b2
c3
d4
a1
b2
c3
d4
d5
d6
d7
d8
d9
d10
d10
d10
d10
d10
d10
d10
d10
d10
d10
d10
a1
b2
c3
d4
a5
b6
c7
d8
a9
b10
c1
d2
a3
b4
c5
d6
a7
b8
c9
d10
