abc,def,ghi,xx,yy: 123 456 987 1 2
prepro.dat here
xyzzy: 47
abc,def,ghi,xx,yy: 321 456 987 1 2
found feature: ASCII
no feature:    EBCDIC
done
