accepted
rejected
accepted
accepted
rejected
rejected
rejected
rejected
