fail
fail
7
7
fail
fail
fail
7

6
7
fail

3
fail
3
fail

1
3
5
1
3
1
done

1
2
5
6
2
3
4
1
2
1
done

1 23
1
23
456
3456

 1
1
23
45
6
123
123
12

1
10
10

1
1
fail

123
fail
23

 ascii?skips 1 16 31 46 61 76 91 106 121 
 ascii?vowls 66 70 74 80 86 98 102 106 112 118 
 letts?skips 11 26 35 50 
 letts?vowls 1 5 9 15 21 27 31 35 41 47 
 vowls?skips 8 
 vowls?letts 1 2 3 4 5 6 7 8 9 10 
 vowls?ascii 1 2 3 4 5 6 7 8 9 10 
 skips?vowls 8 
 skips?letts 6 7 8 9 
 skips?ascii 1 2 3 4 5 6 7 8 9 
 skips?upprs 10 11 12 13 14 15 16 17 18 
 skips?skips 1 2 3 4 5 6 7 8 9 10 11 12 13 14 15 16 17 18 
 upprs?ascii 
 upprs?skips 8 23 38 53 68 83 98 113 128 
