simple
fg
3
hj
nested
12
ab
3
cd
3
34
break
1
2
3
4
5
nested break
6
1
2
3
4
5
next
98
98
non-local
q
w
1
q
2
w
3
e
4
r
5
t
6
y
1
4
1
