TVTBL test 1
Assignment test:  	Assigned	Assigned
Reassignment test:	Reassigned	Reassigned
Deletion test:    	Defaulted	Defaulted
Insertion test:   	Reassigned	Reassigned

TVTBL test 2
Assignment test:  	Assigned
Reassignment test:	Reassigned
Deletion test:    	Reassigned
Insertion test:   	Reassigned

TVSUBS test
Subs of new table elem:      ...X.
Subs of existing table elem: ...X.
Subs of string trapped var:  ...X.

